PYTHONPATH: /cvmfs/soft.computecanada.ca/custom/python/site-packages:/scratch/indrisch//vllm_experiments/kimi_vl_a3b_thinking_2506/kimivl_3d_test
Running trace_combiner.py

scontrol show job 461706
JobId=461706 JobName=openmp_job
   UserId=indrisch(3122343) GroupId=indrisch(3122343) MCS_label=N/A
   Priority=1646170 Nice=0 Account=def-wangcs QOS=normal
   JobState=COMPLETED Reason=None Dependency=(null)
   Requeue=0 Restarts=0 BatchFlag=1 Reboot=0 ExitCode=0:0
   RunTime=00:00:02 TimeLimit=00:15:00 TimeMin=N/A
   SubmitTime=2025-11-09T00:44:00 EligibleTime=2025-11-09T00:44:00
   AccrueTime=2025-11-09T00:44:00
   StartTime=2025-11-09T00:44:01 EndTime=2025-11-09T00:44:03 Deadline=N/A
   SuspendTime=None SecsPreSuspend=0 LastSchedEval=2025-11-09T00:44:01 Scheduler=Main
   Partition=compute AllocNode:Sid=tri-login06:2159082
   ReqNodeList=(null) ExcNodeList=(null)
   NodeList=tri0039
   BatchHost=tri0039
   NumNodes=1 NumCPUs=192 NumTasks=1 CPUs/Task=8 ReqB:S:C:T=0:0:*:*
   ReqTRES=cpu=8,mem=767000M,node=1,billing=8
   AllocTRES=cpu=192,mem=767000M,node=1,billing=192
   Socks/Node=* NtasksPerN:B:S:C=1:0:*:* CoreSpec=*
   MinCPUsNode=8 MinMemoryNode=767000M MinTmpDiskNode=0
   Features=(null) DelayBoot=00:00:00
   OverSubscribe=NO Contiguous=0 Licenses=(null) Network=(null)
   Command=/scratch/indrisch/vllm_experiments/data_support/ScanNet/SensReader/python/create_dict_of_file_paths.sh
   WorkDir=/scratch/indrisch/vllm_experiments/data_support/ScanNet/SensReader/python
   Comment=/opt/slurm/bin/sbatch --export=NONE --get-user-env=L create_dict_of_file_paths.sh TRILLIUM 1 1 1 
   StdErr=/scratch/indrisch/vllm_experiments/data_support/ScanNet/SensReader/python/%N-create_dict_of_file_paths-multi-461706.out
   StdIn=/dev/null
   StdOut=/scratch/indrisch/vllm_experiments/data_support/ScanNet/SensReader/python/%N-create_dict_of_file_paths-multi-461706.out
   TresPerTask=cpu=8
   MailUser=indrisch@scinet.local MailType=FAIL
   

sacct -j 461706
JobID           JobName    Account    Elapsed  MaxVMSize     MaxRSS  SystemCPU    UserCPU ExitCode 
------------ ---------- ---------- ---------- ---------- ---------- ---------- ---------- -------- 
461706       openmp_job def-wangcs   00:00:02                        00:00.094  00:00.403      0:0 
461706.batch      batch def-wangcs   00:00:02          0      5104K  00:00.093  00:00.403      0:0 
461706.exte+     extern def-wangcs   00:00:02          0          0   00:00:00   00:00:00      0:0 

